// Jest Snapshot v1, https://goo.gl/fbAQLP

exports[`modules/twinkle Twinkle.defaultConfig global variables Should match snapshot 1`] = `
[
  "db",
  "g1",
  "g3",
  "g4",
  "g5",
  "g6",
  "g8",
  "g9",
  "g10",
  "g11",
  "u3",
  "f1",
  "f2",
  "f3",
  "f4",
  "f7",
  "f8",
  "f9",
  "f10",
  "c1",
  "c2",
  "t1",
  "t2",
  "ga1",
  "ga2",
  "com1",
]
`;

exports[`modules/twinkle Twinkle.defaultConfig global variables Should match snapshot 2`] = `
[
  "db",
  "g1",
  "g3",
  "g4",
  "g5",
  "g6",
  "g8",
  "g9",
  "g10",
  "g11",
  "u3",
  "f1",
  "f2",
  "f3",
  "f4",
  "f7",
  "f8",
  "f9",
  "f10",
  "c1",
  "c2",
  "t1",
  "t2",
  "ga1",
  "ga2",
  "com1",
]
`;

exports[`modules/twinkle Twinkle.defaultConfig global variables Should match snapshot 3`] = `
[
  "db",
  "g1",
  "g3",
  "g4",
  "g5",
  "g6",
  "g8",
  "g9",
  "g10",
  "g11",
  "u3",
  "f1",
  "f2",
  "f3",
  "f4",
  "f7",
  "f8",
  "f9",
  "f10",
  "c1",
  "c2",
  "t1",
  "t2",
  "ga1",
  "ga2",
  "com1",
]
`;
